20201,*99#,internet,,,Cosmote,Greece
20205,*99#,pp.vodafone.co.uk,wap,wap,VODAFONE-UK,Greece
20210,*99#,gint.b-online.gr,web,web,WINDHellas,Greece
20404,*99#,office.vodafone.nl,vodafone,vodafone,Vodafone NL,Netherlands
20408,*99#,internet,,,KPN Mobile,Netherlands
20412,*99#,internet,,,Telfort,Netherlands
20416,*99#,internet,,,T-Mobile NL,Netherlands
20420,*99#,internet,,,Orange NL,Netherlands
20601,*99#,internet.proximus.be,,,Proximus,Belgium
20610,*99#,internet.be,,,Mobistar,Belgium
20620,*99#,busint.base.be,BusinessInternet,busint,Base,Belgium
20801,*99#,orange.fr,orange,orange,Orange FR,France
20810,*99#,websfr,,,SFR,France
20820,*99#,ebouygtel.com,,,Bouygues Telecom,France
21401,*99#,ac.vodafone.es,vodafone,vodafone,Vodafone ES 01,Spain
21403,*99#,internet,CLIENTE,AMENA,Amena 03,Spain
21405,*99#,movistar.es,MOVISTAR,MOVISTAR,Telefonica Movistar ES 05,Spain
21406,*99#,ac.vodafone.es,vodafone,vodafone,Vodafone ES 06,Spain
21407,*99#,movistar.es,MOVISTAR,MOVISTAR,Telefonica Movistar ES 07,Spain
21409,*99#,internet,CLIENTE,AMENA,Amena 09,Spain
21601,*99#,net,,,Pannon,Hungary
21630,*99#,internet,,,T-Mobile HU,Hungary
21670,*99#,internet.vodafone.net,,,Vodafone HU,Hungary
21805,*99#,mobisgprs1,,,Telekom Srpske,Bosnia Herzegovina
21901,*99#,web.htgprs,,,Htmobile,Croatia
21910,*99#,gprs0.vipnet.hr,,,VIP,Croatia
22001,*99#,internet,mobtel,gprs,Mobtel,Serbia and Montenegro
22003,*99#,gprsinternet,mts,64,Telekom Srbija,Serbia and Montenegro
22004,*99#,gprs.monetcg.com,,,Monet,Serbia and Montenegro
22201,*99#,ibox.tim.it,,,TIM IT,Italy
22210,*99#,web.omnitel.it,,,Vodafone IT,Italy
22288,*99#,internet.wind,,,Wind IT,Italy
22298,*99#,INTERNET,,,BLU,Italy
22299,*99#,tre.it,tre,tre,3 IT,Italy
22601,*99#,internet.connex.ro,internet.connex.ro,connex,Connex,Romania
22610,*99#,internet,Internet,Orange,Orange RO,Romania
22801,*99#,gprs.swisscom.ch,,,Swisscom,Switzerland
22802,*99#,internet,,,Sunrise,Switzerland
22803,*99#,internet,,,Orange SZ,Switzerland
23001,*99#,internet.t-mobile.cz,,,T-Mobile CZ,Czech Republic
23002,*99#,internet,,,Eurotel,Czech Republic
23003,*99#,internet,,,Oskar,Czech Republic
23101,*99#,internet,,,Orange,Slovakia
23102,*99#,internet,,,T-mobile,Slovakia
23106,*99#,o2internet,,,O2,Slovakia
23201,*99#,A1.net,ppp@a1plus.at,ppp,A1,Austria
23203,*99#,gprsinternet,,,T-Mobile AT,Austria
23205,*99#,web.one.at,web,web,ONE,Austria
23207,*99#,web,web@telering.at,web,tele.ring,Austria
23210,*99#,drei.at,,,3-AT,Austria
23401,*99#,internet,,,UBIQUISYS,UK
23402,*99#,mobile.o2.co.uk,O2web,O2 MOBILE WEB,O2 UK,UK
23403,*99#,3internet,orange,orange,Orange,UK
23410,*99#,m-bb.o2.co.uk,O2bb,password,O2 UK,UK
23410,*99#,mobile.o2.co.uk,O2web,O2web,O2 UK,UK
23411,*99#,mobile.o2.co.uk,O2web,O2web,O2 MOBILE WEB,UK
23415,*99#,internet,web,web,Vodafone Post-pay ISP,UK
23415,*99#,payg.talkmobile.co.uk,,,Vodafone talkmobile,UK
23415,*99#,pp.vodafone.co.uk,wap,wap,Vodafone Prepay,UK
23415,*99#,pp.vodafone.co.uk,web,web,Vodafone Prepay,UK
23415,*99#,wap.vodafone.co.uk,wap,wap,Vodafone UK Contract WAP,UK
23420,*99#,3internet,three,three,3 Dongle,UK
23420,*99#,three.co.uk,,,3 UK,UK
23430,*99#,general.t-mobile.uk,user,user,T-Mobile UK,UK
23431,*99#,general.t-mobile.uk,user,user,T-Mobile UK,UK
23432,*99#,general.t-mobile.uk,user,user,T-Mobile UK,UK
23433,*99#,orangeinternet,,,Orange Internet,UK
23434,*99#,orangeinternet,,,Orange Internet,UK
23450,*99#,pepper,,,pepperWEB (Jersey),UK
23455,*99#,internet,,,CW Guernsey Internet,UK
23458,*99#,3gpronto,,,Manx Telecom 3G HSDPA,UK
23458,*99#,web.manxpronto.net,gprs,gprs,Manx Telecom Pay Monthly,UK
23458,*99#,web.manxpronto.net,webgo,webgo,Manx Telecom Pay As You Go,UK
23801,*99#,internet,,,TDC,Denmark
23802,*99#,internet,sonofon,,Sonofon,Denmark
23806,*99#,data.tre.dk,,,3 DK,Denmark
23820,*99#,www.internet.mtelia.dk,telia,1010,Telia DK,Denmark
23830,*99#,web.orange.dk,,,Orange DK,Denmark
24001,*99#,online.telia.se,,,Telia SE,Sweden
24002,*99#,data.tre.se,,,3 SE,Sweden
24005,*99#,isplnk1.swip.net,wap,wap,Comviq 05,Sweden
24007,*99#,isplnk1.swip.net,wap,wap,Comviq 07,Sweden
24008,*99#,internet.vodafone.net,,,Vodafone SE,Sweden
24201,*99#,,telenor,1111,Telenor,Norway
24202,*99#,internet.netcom.no,,,NetCom,Norway
24203,*99#,www.teletopia.no,,,Teletopia,Norway
24205,*99#,internet.tele2.no,wap,wap,Tele2 NO,Norway
24405,*99#,internet,,,Elisa,Finland
24412,*99#,internet,,,DNA,Finland
24491,*99#,internet,,,Sonera,Finland
24601,*99#,gprs.omnitel.net,,,Omnitel,Lithuania
24602,*99#,banga,,,Bite,Lithuania
24603,*99#,internet.tele2.lt,,,Tele2 LT,Lithuania
24701,*99#,internet.lmt.lv,,,LMT,Latvia
24702,*99#,internet.tele2.lv,,,Tele2 LV,Latvia
24801,*99#,internet.emt.ee,,,EMT,Estonia
24802,*99#,internet,,,RLE,Estonia
24803,*99#,internet.tele2.ee,wap,wap,Tele2 EE,Estonia
25001,*99***1#,internet.mts.ru,mts,mts,MTS internet,Russia
25002,*99#,internet,,,Megafon internet,Russia
25004,*99***1#,internet.mts.ru,mts,mts,MTS internet,Russia
25005,*99***1#,internet.mts.ru,mts,mts,MTS internet,Russia
25009,#777,,,,SKYLINK,Russia
25010,*99***1#,internet.mts.ru,mts,mts,MTS internet,Russia
25011,*99#,internet.beeline.ru,beeline,beeline,Beeline internet,Russia
25013,*99***1#,internet.mts.ru,mts,mts,MTS internet,Russia
25028,*99#,internet.beeline.ru,beeline,beeline,Beeline,Russia
25030,*99#,internet,,,Megafon,Russia
25039,*99***1#,internet.mts.ru,mts,mts,MTS internet,Russia
25044,*99#,internet.beeline.ru,beeline,beeline,Beeline internet,Russia
25092,*99***1#,internet.mts.ru,mts,mts,MTS internet,Russia
25093,*99***1#,internet.mts.ru,mts,mts,MTS internet,Russia
25099,*99#,internet.beeline.ru,beeline,beeline,Beeline internet,Russia
25501,*99#,internet,,,MTS-UA Internet,Ukraine
25502,*99#,internet.beeline.ua,,,Beeline-UA Internet,Ukraine
25503,*99#,www.ab.kyivstar.net,igprs,internet,ACE&BASE-UA Internet,Ukraine
25503,*99#,www.djuice.com.ua,,,DJUICE-UA Internet,Ukraine
25503,*99#,www.kyivstar.net,igprs,internet,Kyivstar-UA Internet,Ukraine
25506,*99#,internet,,,life:)-UA Internet,Ukraine
25507,*99#,3g.utel.ua,,,UTEL Internet,Ukraine
25701,*99***1#,plus.velcom.by,plus,plus,Velcom plus,Belarus
25701,*99***1#,web.velcom.by,web,web,Velcom web,Belarus
25702,*99***1#,internet.mts.by,mts,mts,mts by,Belarus
26001,*99#,www.plusgsm.pl,,,Plus,Poland
26002,*99#,erainternet,erainternet,erainternet,Era,Poland
26003,*99#,internet,internet,,Orange PL,Poland
26201,*99#,internet.t-d1.de,t-mobile,tm,T-Mobile DE,Germany
26202,*99#,internet.eplus.de,eplus,web,E-Plus,Germany
26202,*99#,web.vodafone.de,,,Vodafone DE,Germany
26203,*99#,internet.eplus.de,eplus,web,E-Plus,Germany
26207,*99#,internet,,,O2 DE,Germany
26801,*99#,internet.vodafone.pt,vodafone,vodafone,Vodafone PT,Portugal
26803,*99#,internet,,,Optimus,Portugal
26806,*99#,internet,,,TMN,Portugal
27001,*99#,web.pt.lu,,,LUXGSM,Luxembourg
27077,*99#,internet,,,Tango,Luxembourg
27201,*99#,isp.vodafone.ie,vodafone,vodafone,Vodafone IE,Ireland
27202,*99#,internet,user,user123,O2 IE,Ireland
27203,*99#,isp.mymeteor.ie,my,meteor,Meteor,Ireland
27401,*99#,gprs.simi.is,,,Siminn,Iceland
27801,*99#,internet,,,Vodafone MT,Malta
27821,*99#,gosurfingun,,,GO Surfing,Malta
28401,*99#,inet-gprs.mtel.bg,mtel,mtel,M-TEL,Bulgaria
28405,*99#,internet.globul.bg,globul,,Globul,Bulgaria
28601,*99#,internet,,,Turkcell,Turkey
28602,*99#,telsim,,,Telsim,Turkey
28603,*99#,internet,,,Avea,Turkey
28967,*99#,internet,,,Aquafon,Abkhazia
29340,*99#,internet.simobil.si,simobil,internet,SI.mobil,Slovenia
29341,*99#,internet,mobitel,internet,Mobitel,Slovenia
29401,*99#,internet,internet,mobimak,Mobimak,Macedonia
29505,*99#,mobilkom.li,ppp@A1plus.at,,FL1,Liechtenstein
30237,*99#,internet.fido.ca,,,Fido 37,Canada
302370,*99#,internet.fido.ca,fido,fido,MICROCELL(FIDO)-CA,Canada
302720,*99#,internet.com,wapuser1,wap,ROGER AT&T-CA,Canada
310030,*99#,private.centennialwireless.com,privuser,priv,Centennial Wireless,USA
310150,*99#,ISP.CINGULAR,ISP@CINGULARGPRS.COM,CINGULAR1,Cingular 150,USA
31016,*99#,internet2.voicestream.com,,,T-Mobile USA 16,USA
310160,*99#,internet2.voicestream.com,,,T-Mobile USA 160,USA
310170,*99#,ISP.CINGULAR,ISP@CINGULARGPRS.COM,CINGULAR1,Cingular 170,USA
310200,*99#,internet2.voicestream.com,,,T-Mobile USA 200,USA
31021,*99#,internet2.voicestream.com,,,T-Mobile USA 21,USA
310210,*99#,internet2.voicestream.com,,,T-Mobile USA 210,USA
31022,*99#,internet2.voicestream.com,,,T-Mobile USA 22,USA
310220,*99#,internet2.voicestream.com,,,T-Mobile USA 220,USA
31023,*99#,internet2.voicestream.com,,,T-Mobile USA 23,USA
310230,*99#,internet2.voicestream.com,,,T-Mobile USA 230,USA
31024,*99#,internet2.voicestream.com,,,T-Mobile USA 24,USA
310240,*99#,internet2.voicestream.com,,,T-Mobile USA 240,USA
31025,*99#,internet2.voicestream.com,,,T-Mobile USA 25,USA
310250,*99#,internet2.voicestream.com,,,T-Mobile USA 250,USA
31026,*99#,internet2.voicestream.com,,,T-Mobile USA 26,USA
310260,*99#,internet2.voicestream.com,,,T-Mobile USA 260,USA
31027,*99#,internet2.voicestream.com,,,T-Mobile USA 27,USA
310270,*99#,internet2.voicestream.com,,,T-Mobile USA 270,USA
310280,*99#,internet2.voicestream.com,,,T-Mobile USA 280,USA
310290,*99#,internet2.voicestream.com,,,T-Mobile USA 290,USA
310300,*99#,internet2.voicestream.com,,,T-Mobile USA 300,USA
31031,*99#,internet2.voicestream.com,,,T-Mobile USA 31,USA
310310,*99#,internet2.voicestream.com,,,T-Mobile USA 310,USA
310320,*99#,internet2.voicestream.com,,,T-Mobile USA 320,USA
310380,*99#,ISP.CINGULAR,ISP@CINGULARGPRS.COM,CINGULAR1,Cingular 380,USA
310410,*99#,ISP.CINGULAR,ISP@CINGULARGPRS.COM,CINGULAR1,Cingular 410,USA
310420,*99#,web.gocbw.com,cbw,,CBW,USA
310660,*99#,internet2.voicestream.com,,,T-Mobile USA 660,USA
310800,*99#,internet2.voicestream.com,,,T-Mobile USA 800,USA
310980,*99#,ISP.CINGULAR,ISP@CINGULARGPRS.COM,CINGULAR1,Cingular 980,USA
311030,*99#,internet.indigo,user1@indigo.internet,indigo,Indigo Wireless,USA
311360,*99#,isp.stelera.net,,,Stelera,USA
330110,*99#,internet.claropr.com,,,PR Claro,PUERTO RICO
334020,*99#,ba.amx,ninguno,ninguno,Telcel,Mexico
33403,*99#,internet.movistar.mx,movistar,movistar,movistar MX,Mexico
33805,*99#,web.digiceljamaica.com,wapuser,wap03jam,Digicel,Jamaica
338180,*99#,internet,,,C&W,Jamaica
33870,*99#,internet.ideasclaro.com.jm,claro,claro,Claro JAM,Jamaica
34001,*99#,orangewap,,,Orange GP,Guadeloupe
34712,*99#,internet,,,TSTT,Trinidad and Tobago
36291,*99#,utsnet.uts.an,netuser,net123,CHIPPIE,CURACAO
36301,*99#,internet.setar.aw,,,Setar,Aruba
37001,*99#,orangenet.com.do,,,Orange,REP.DOMINICANA
37002,*99#,ba.amx,,,Claro,REP.DOMINICANA
40101,*99#,internet.beeline.kz,beeline,beeline,Beeline-KZ-internet,Kazakhstan
40102,*99#,internet,,,K'Cell-KZ-internet,Kazakhstan
40401,*99#,www,,,Vodafone Haryana,India
40402,*99#,airtelgprs.com,,,Airtel Punjab,India
40403,*99#,airtelgprs.com,,,Airtel H.P.,India
40404,*99#,internet,,,IDEA Delhi,India
40405,*99#,www,,,Vodafone Gujrat,India
40407,*99#,internet,,,IDEA A.P.,India
40409,*99#,smartnet,,,Reliance Assam,India
40410,*99#,airtelgprs.com,,,Airtel Delhi,India
40411,*99#,www,,,Vodafone Delhi,India
40412,*99#,internet,,,IDEA Harayana,India
40413,*99#,www,,,Vodafone A.P.,India
40414,,,,,Spice Punjab,India
40415,*99#,www,,,Vodafone U.P.(E),India
40416,*99#,airtelgprs.com,,,Airtel N.E.,India
40417,*99#,aircelinternet,,,Aircel W.B. & A&N,India
40418,*99#,smartnet,,,Reliance H.P.,India
40419,*99#,internet,,,IDEA Kerala,India
40420,*99#,www,,,Vodafone Mumbai,India
40421,,,,,BPL Mobile Mumbai,India
40422,*99#,internet,,,IDEA Maharashtra,India
40424,*99#,internet,,,IDEA Gujarat,India
40425,*99#,aircelinternet,,,Aircel Bihar,India
40427,*99#,www,,,Vodafone Maharashtra,India
40428,*99#,aircelinternet,,,Aircel Orissa,India
40429,*99#,aircelinternet,,,Aircel Assam,India
40430,*99#,www,,,Vodafone Kolkata,India
40431,*99#,airtelgprs.com,,,Airtel Kolkata,India
40433,*99#,aircelinternet,,,Aircel N.E.,India
40434,*99#,bsnlnet,,,Cellone Haryana,India
40435,*99#,aircelinternet,,,Aircel H.P.,India
40436,*99#,smartnet,,,Reliance Bihar,India
40437,*99#,aircelinternet,,,Aircel J & K,India
40438,*99#,bsnlnet,,,Cellone Assam,India
40440,*99#,airtelgprs.com,,,Airtel Chennai,India
40441,*99#,aircelinternet,,,Aircel Chennai,India
40442,*99#,aircelinternet,,,Aircel T.N.,India
40443,*99#,www,,,Vodafone T.N.,India
40444,,,,,Spice Karnataka,India
40445,*99#,airtelgprs.com,,,Airtel Karnataka,India
40446,*99#,www,,,Vodafone Kerala,India
40449,*99#,airtelgprs.com,,,Airtel A.P.,India
40450,*99#,smartnet,,,Reliance North East,India
40451,*99#,bsnlnet,,,Cellone H.P.,India
40452,*99#,smartnet,,,Reliance Orissa,India
40453,*99#,bsnlnet,,,Cellone Punjab,India
40454,*99#,bsnlnet,,,Cellone U.P.(W),India
40455,*99#,bsnlnet,,,Cellone U.P.(E),India
40456,*99#,internet,,,IDEA U.P.(W),India
40457,*99#,bsnlnet,,,Cellone Gujrat,India
40458,*99#,bsnlnet,,,Cellone M.P.,India
40459,*99#,bsnlnet,,,Cellone Rajasthan,India
40460,*99#,www,,,Vodafone Rajasthan,India
40462,*99#,bsnlnet,,,Cellone J & K,India
40464,*99#,bsnlnet,,,Cellone Chennai,India
40466,*99#,bsnlnet,,,Cellone Maharashtra,India
40467,*99#,smartnet,,,Reliance M.P.,India
40468,*99#,gprsppsdel,mtnl,mtnl123,Dolphin Delhi,India
40469,*99#,gprsmtnlmum,mtnl,mtnl123,Dolphin Mumbai,India
40470,*99#,airtelgprs.com,,,Airtel Rajasthan,India
40471,*99#,bsnlnet,,,Cellone Karnataka,India
40472,*99#,bsnlnet,,,Cellone Kerala,India
40473,*99#,bsnlnet,,,Cellone A.P.,India
40474,*99#,bsnlnet,,,Cellone W.B.,India
40475,*99#,bsnlnet,,,Cellone Bihar,India
40476,*99#,bsnlnet,,,Cellone Orissa,India
40477,*99#,bsnlnet,,,Cellone North East,India
40478,*99#,internet,,,IDEA M.P.,India
40479,*99#,bsnlnet,,,Cellone A&N,India
40480,*99#,bsnlnet,,,Cellone T.N.,India
40481,*99#,bsnlnet,,,Cellone Kolkata,India
40482,*99#,internet,,,IDEA H.P.,India
40483,*99#,smartnet,,,Reliance Kolkata,India
40484,*99#,www,,,Vodafone Chennai,India
40485,*99#,smartnet,,,Reliance W.B. & A&N,India
40486,*99#,www,,,Vodafone Karnataka,India
40487,*99#,internet,,,IDEA Rajasthan,India
40488,*99#,www,,,Vodafone Punjab,India
40489,*99#,internet,,,IDEA U.P.(E),India
40490,*99#,airtelgprs.com,,,Airtel Maharashtra,India
40491,*99#,aircelinternet,,,Aircel Kolkata,India
40492,*99#,airtelgprs.com,,,Airtel Mumbai,India
40493,*99#,airtelgprs.com,,,Airtel M.P.,India
40494,*99#,airtelgprs.com,,,Airtel T.N.,India
40495,*99#,airtelgprs.com,,,Airtel Kerala,India
40496,*99#,airtelgprs.com,,,Airtel Haryana,India
40497,*99#,airtelgprs.com,,,Airtel U.P.(W),India
40498,*99#,airtelgprs.com,,,Airtel Gujrat,India
40501,*99#,rcomnet,,,Reliance A.P.,India
405025,*99#,tata.docomo.internet,,,TATA DOCOMO A.P.,India
405026,*99#,tata.docomo.internet,,,TATA TELE. Assam,India
405027,*99#,tata.docomo.internet,,,TATA DOCOMO Bihar,India
405028,*99#,tata.docomo.internet,,,TATA TELE. Chennai,India
405029,*99#,tata.docomo.internet,,,TATA DOCOMO Delhi,India
405030,*99#,tata.docomo.internet,,,TATA DOCOMO Gujarat,India
405031,*99#,tata.docomo.internet,,,TATA DOCOMO Haryana,India
405032,*99#,tata.docomo.internet,,,TATA DOCOMO H.P.,India
405033,*99#,tata.docomo.internet,,,TATA TELE. Jammu & Kashmir,India
405034,*99#,tata.docomo.internet,,,TATA DOCOMO Karnataka,India
405035,*99#,tata.docomo.internet,,,TATA DOCOMO Kerala,India
405036,*99#,tata.docomo.internet,,,TATA DOCOMO Kolkata,India
405037,*99#,tata.docomo.internet,,,TATA DOCOMO Maharashtra,India
405038,*99#,tata.docomo.internet,,,TATA DOCOMO M.P.,India
405039,*99#,tata.docomo.internet,,,TATA DOCOMO Mumbai,India
40504,*99#,rcomnet,,,Reliance Chennai,India
405041,*99#,tata.docomo.internet,,,TATA DOCOMO Orissa,India
405042,*99#,tata.docomo.internet,,,TATA DOCOMO Punjab,India
405043,*99#,tata.docomo.internet,,,TATA DOCOMO Rajasthan,India
405044,*99#,tata.docomo.internet,,,TATA DOCOMO T.N.,India
405045,*99#,tata.docomo.internet,,,TATA DOCOMO U.P.(E),India
405046,*99#,tata.docomo.internet,,,TATA DOCOMO U.P.(W),India
405047,*99#,tata.docomo.internet,,,TATA DOCOMO W.B.,India
40505,*99#,rcomnet,,,Reliance Delhi,India
40506,*99#,rcomnet,,,Reliance Gujarat,India
40507,*99#,rcomnet,,,Reliance Haryana,India
40509,*99#,rcomnet,,,Reliance J & K,India
40510,*99#,rcomnet,,,Reliance Karnataka,India
40511,*99#,rcomnet,,,Reliance Kerala,India
40513,*99#,rcomnet,,,Reliance Maharashtra,India
40515,*99#,rcomnet,,,Reliance Mumbai,India
40518,*99#,rcomnet,,,Reliance Punjab,India
40519,*99#,rcomnet,,,Reliance Rajasthan,India
40520,*99#,rcomnet,,,Reliance T.N.,India
40521,*99#,rcomnet,,,Reliance U.P.(E),India
40522,*99#,rcomnet,,,Reliance U.P.(W),India
40551,*99#,airtelgprs.com,,,Airtel W.B. & A&N,India
40552,*99#,airtelgprs.com,,,Airtel Bihar,India
40553,*99#,airtelgprs.com,,,Airtel Orissa,India
40554,*99#,airtelgprs.com,,,Airtel UP East,India
40555,*99#,airtelgprs.com,,,Airtel J & K,India
40556,*99#,airtelgprs.com,,,Airtel Assam,India
40566,*99#,www,,,Vodafone U.P.(W),India
40567,*99#,www,,,Vodafone W.B. & A&N,India
40570,*99#,internet,,,IDEA Bihar,India
405750,*99#,www,,,Vodafone J & K,India
405751,*99#,www,,,Vodafone Assam,India
405752,*99#,www,,,Vodafone Bihar,India
405753,*99#,www,,,Vodafone Orissa,India
405754,*99#,www,,,Vodafone H.P.,India
405755,*99#,www,,,Vodafone North East,India
405756,*99#,www,,,Vodafone M.P.,India
405799,*99#,internet,,,IDEA Mumbai,India
405800,*99#,aircelinternet,,,Aircel Delhi,India
405801,*99#,aircelinternet,,,Aircel A.P.,India
405802,*99#,aircelinternet,,,Aircel Gujrat,India
405803,*99#,aircelinternet,,,Aircel Karnataka,India
405804,*99#,aircelinternet,,,Aircel Maharashtra,India
405805,*99#,aircelinternet,,,Aircel Mumbai,India
405806,*99#,aircelinternet,,,Aircel Rajasthan,India
405807,*99#,aircelinternet,,,Aircel Haryana,India
405808,*99#,aircelinternet,,,Aircel M.P.,India
405809,*99#,aircelinternet,,,Aircel Kerala,India
405810,*99#,aircelinternet,,,Aircel U.P. (E),India
405811,*99#,aircelinternet,,,Aircel U.P. (W),India
405812,*99#,aircelinternet,,,Aircel Punjab,India
405813,,,,,Uninor Haryana,India
405814,,,,,Uninor H.P.,India
405815,,,,,Uninor J & K,India
405816,,,,,Uninor Punjab,India
405817,,,,,Uninor Rajasthan,India
405818,,,,,Uninor U.P.(W),India
405819,,,,,Uninor A.P.,India
405820,,,,,Uninor Karnataka,India
405821,,,,,Uninor Kerala,India
405822,,,,,Uninor Kolkata,India
405823,,,,,Videocon A.P.,India
405824,,,,,Videocon Assam,India
405825,,,,,Videocon Bihar,India
405827,,,,,Videocon Gujarat,India
405828,,,,,Videocon Haryana,India
405829,,,,,Videocon H.P.,India
405830,,,,,Videocon J & K,India
405831,,,,,Videocon Karnataka,India
405832,,,,,Videocon Kerala,India
405833,,,,,Videocon Kolkata,India
405834,,,,,Videocon M.P.,India
405835,,,,,Videocon Maharashtra,India
405836,,,,,Videocon Mumbai,India
405837,,,,,Videocon North East,India
405838,,,,,Videocon Orissa,India
405839,,,,,Videocon Rajasthan,India
405840,,,,,Videocon T.N.,India
405841,,,,,Videocon U.P.(E),India
405842,,,,,Videocon U.P.(W),India
405843,,,,,Videocon W.B.,India
405844,,,,,Uninor Delhi,India
405845,*99#,internet,,,IDEA Assam,India
405846,*99#,internet,,,IDEA J & K,India
405848,*99#,internet,,,IDEA Kolkata,India
405849,*99#,internet,,,IDEA North East,India
405850,*99#,internet,,,IDEA Orissa,India
405852,*99#,internet,,,IDEA T.N.,India
405853,*99#,internet,,,IDEA W.B.,India
405854,,,,,LoopMobile A.P.,India
405855,,,,,LoopMobile Assam,India
405856,,,,,LoopMobile Bihar,India
405857,,,,,LoopMobile Delhi,India
405858,,,,,LoopMobile Gujarat,India
405859,,,,,LoopMobile Haryana,India
405860,,,,,LoopMobile H.P.,India
405861,,,,,LoopMobile J & K,India
405862,,,,,LoopMobile Karnataka,India
405863,,,,,LoopMobile Kerala,India
405864,,,,,LoopMobile Kolkata,India
405865,,,,,LoopMobile M.P.,India
405866,,,,,LoopMobile Maharashtra,India
405867,,,,,LoopMobile North East,India
405868,,,,,LoopMobile Orissa,India
405869,,,,,LoopMobile Punjab,India
405870,,,,,LoopMobile Rajasthan,India
405871,,,,,LoopMobile T.N.,India
405872,,,,,LoopMobile U.P.(E),India
405873,,,,,LoopMobile U.P.(W),India
405874,,,,,LoopMobile W.B.,India
405875,,,,,Uninor Assam,India
405876,,,,,Uninor Bihar,India
405877,,,,,Uninor North East,India
405878,,,,,Uninor Orissa,India
405879,,,,,Uninor U.P.(E),India
405880,,,,,Uninor W.B.,India
405881,,,,,STEL Assam,India
405882,,,,,STEL Bihar,India
405883,,,,,STEL H.P.,India
405884,,,,,STEL  J & K,India
405885,,,,,STEL N.E.,India
405886,,,,,STEL Orissa,India
405912,,,,,etisalat  A.P.,India
405913,,,,,etisalat Delhi,India
405914,,,,,etisalat Gujarat,India
405915,,,,,etisalat Haryana,India
405916,,,,,etisalat Karnataka,India
405917,,,,,etisalat Kerala,India
405918,,,,,etisalat Maharashtra,India
405919,,,,,etisalat Mumbai,India
405920,,,,,etisalat Punjab,India
405921,,,,,etisalat Rajasthan,India
405922,,,,,etisalat T.N.,India
405923,,,,,etisalat U.P.(E),India
405924,,,,,etisalat U.P.(W),India
405925,,,,,Uninor T.N.,India
405926,,,,,Uninor Mumbai,India
405927,,,,,Uninor Gujarat,India
405928,,,,,Uninor M.P.,India
405929,,,,,Uninor Maharashtra,India
405976,,,,,Uninor Bihar,India
405977,,,,,Uninor North East,India
405978,,,,,Uninor Orissa,India
405979,,,,,Uninor U.P.(E),India
41003,*99#,ufone.internet,ufone,ufone,PK-Ufone,Pakistan
41301,*99#,mobitel3g,,,Mobiltel,Sri Lanka
41302,*99#,www.dialogsl.com,,,Dialog,Sri Lanka
41305,*99#,airtellive,,,Airtel LK,Sri Lanka
41501,*99#,internet.mic1.com.lb,mic1,mic1,Fal-Dete,Lebanon
41503,*99#,isurf.libancell.com.lb,,,LibanCell,Lebanon
41601,*99#,Internet,,,FastLink,Jordan
41677,*99#,net.mobilecom.jo,internet,internet,MobileCom,Jordan
41805,*99#,net.asiacell.com,,,Asianet (GPRS-WEB),Iraq
41902,*99***1#,hspps,hspps,hspps,zain,Kuwait
41903,*99***1#,action.wataniya.com,,,wataniya,Kuwait
41904,*99***1#,viva,,,viva,Kuwait
42001,*99#,jawalnet.com.sa,,,STC,Saudi Arabia
42003,*99#,Web1,,,Post-paid Mobily,Saudi Arabia
42003,*99#,Web2,,,Pre-paid Mobily,Saudi Arabia
42004,*99#,zain,,,Zain SA,Saudi Arabia
42007,*99#,wogstc.com,stc,stc,STC,Saudi Arabia
42202,*99#,taif,taif,taif,Oman Mobile,Oman
42401,*99#,mnet,mnet,mnet,ETISALAT-UAE,United Arab Emirates
42402,*99#,mnet,mnet,mnet,ETISALAT-UAE,United Arab Emirates
42501,*99#,internet,,,Orange IL,Israel
42502,*99#,internetg,,,Cellcom,Israel
42601,*99#,internet.batelco.com,wap,wap,Batelco,Bahrain
42602,*99#,internet,internet,internet,MTC-Vodafone BH,Bahrain
42701,*99#,Q-tel GPRS,gprs,gprs,Q-tel,Qatar
43603,*99#,internet,,,MLT,Tajikistan
44000,*99#,emb.ne.jp,em,em,EMobile,Japan
45201,*99#,M-WAP,,,MOBIFONE,YN
45201,*99#,m-wap,mms,mms,Mobifone,Vietnam
45202,*99#,M3-WORLD,MMS,MMS,VINAPHONE,YN
45202,*99#,m3-world,mms,mms,Vinaphone,Vietnam
45204,*99#,E-CONNECT,,,VIETTEL,YN
45204,*99#,V-internet,,,Viettel,Viettel
45205,*99#,INTERNET,,,VIETNAMOBILE,YN
45207,*99#,internet,,,GTEL MOBILE,YN
45400,*99#,hkcsl,,,CSL1010,HongKong
45403,*99#,ipc.three.com.hk,,,3(3G)-HK,HongKong
45404,*99#,web-g.three.com.hk,,,3(2G)-HK,HongKong
45406,*99#,Internet,,,Smartone HK 06,HongKong
45407,*99#,internet,,,,HongKong
45410,*99#,internet,,,NewWorld,HongKong
45412,*99#,peoples.net,,,Peoples,HongKong
45416,*99#,pccwdata,,,PCCW(GPRS),HongKong (Show operator's name as PCCW)
45419,*99#,pccw,,,PCCW(3G),HongKong (Show operator's name as PCCW)
45500,*99#,smartgprs,,,SmarToneMacau,Macau
45501,*99#,ctm-mobile,,,CTM,Macau
45503,*99#,web.hutchisonmacau.com,,,3DB,Macau
45504,*99#,ctm-mobile,,,CTM Mobile,Macau
45601,*99#,3G,mobitel,mobitel,CELLCARD,Combodia
45601,*99#,cellcard,mobitel,mobitel,CELLCARD,Combodia
45602,*99#,hellowww,,,HELLO,Combodia
45604,*99#,wap,,,QB,Combodia
45605,*99#,internet,,,STARCELL,Comboia
45606,*99#,smart,,,SMART,Combodia
45608,*99#,metfone,,,METFONE,Combodia
45609,*99#,gprs.beeline.com.kh,,,BEELILNE,Comboia
45615,*99#,Internet,,,Smartone HK 15,HongKong
45618,*99#,mfone,,,MFONE,Combodia
46000,*99#,cmnet,,,CMCC,China
46001,*99#,3gnet,,,UNICOM,China
46002,*99#,cmnet,,,CMCC,China
46003,#777,,ctnet@mycdma.cn,vnet.mobi,China Telcom,China
46005,#777,,ctnet@mycdma.cn,vnet.mobi,China Telcom,China
46006,*99#,3gnet,,,UNICOM,China
46007,*99#,cmnet,,,CMCC,China
46601,*99#,fetims,,,FET,Taiwan
46688,*99#,internet,,,FET-KGT,Taiwan
46689,*99#,vibo,,,VIBO,Taiwan
46689-0,*99#,viboone,,,VIBOONE,Taiwan
46692,*99#,internet,,,CHT,Taiwan
46693,*99#,internet,,,TWN-Mobitai,Taiwan
46697,*99#,internet,,,TWN,Taiwan
46699,*99#,internet,,,TWN-TAT,Taiwan
47001,*99***1#,gpinternet,,,Grameenphone,Dhirragu
47002,*99***1#,internet,,,Aktel,Dhirragu
47003,*99***1#,blweb,,,Banglalink,Dhirragu
47004,*99***1#,gprsunl,,,Teletalk(for Unlimited use),Dhirragu
47004,*99***1#,wap,,,Teletalk(for no use no pay),Dhirragu
47006,#777,,waps,waps,CITYCELL,Bangladesh
47007,*99***1#,internet,,,Warid,Dhirragu
47201,*99#,internet.dhimobile,,,Dhirragu,Dhirragu
50212,*99#,Maxisbb,Maxis,wap,Maxis,Malaysia
50213,*99#,internet,,,TM Touch,Malaysia
50216,*99#,3gdgnet,,,Digi,Malaysia
50218,*99#,my3g,,,U Mobile,Malaysia
50219,*99#,Celcom3g,,,Celcom,Malaysia
50501,*99#,telstra.internet,,,Telstra,Australia
50502,*99#,internet,,,YesOptus,Australia
50503,*99#,vfinternet.au,,,Vodafone AU,Australia
50506,*99#,3netaccess,,,3 AU,Australia
50514,*99#,vfinternet.au,,,AAPT,Australia
51001,*99#,indosatgprs,,,INDOSAT Indosat Broadband EDGE 2G,Indonesia
51001,*99#,indosatm2,,,INDOSAT Indosat Broadband 3G,Indonesia
51003,#777,,starone,indosat,StarOne,Indonesia
51007,#777,,telkomnet@flexi,telkom,TelkomFlexi,Indonesia
51008,*99#,axis,axis,123456,AXIS 3G,Indonesia
51009,#777,,smart,smart,SMART,Indonesia
51010,*99#,flash,,,Tsel Broadband (Time Based),Indonesia
51010,*99#,flash,,,Tsel Internet (Unlimited-Volume Based),Indonesia
51010,*99#,internet,,,Telkomsel,Indonesia
51011,*99#,www.xlgprs.net,xlgprs,proxl,XL Unlimited,Indonesia
51021,*99#,www.indosat-m3.net,gprs,im3,Indosat,Indonesia
51028,#777,,m8,m8,Mobile-8,Indonesia
51089,*99#,3gprs,3gprs,3gprs,3 THREE DATA,Indonesia
51099,#777,,aha@aha.co.id,aha,AHA,Indonesia
51099,#777,,esia,esia,Esia,Indonesia
51501,*99#,minternet,,,SUN,Philippines
51502,*99#,internet.globe.com.ph,,,Globe,Philippines
51503,*99#,SMARTBRO,,,Smart Bro,Philippines
52001,*99***1#,internet,,,AIS GSM,Thailand
52002,#777,,evdo@3g.catevdo.com,cdmacat,CAT Telecom,Thailand
52015,*99***1#,internet,,,iFox-3G-TOT,Thailand
52018,*99#,www.dtac.co.th,,,DTAC,Thailand
52023,*99#,internet,,,AIS,Thailand
52099,*99#,internet,TRUE,TRUE,TRUE Move,Thailand
52501,*99#,internet,,,SingTel 01,Singapore
52502,*99#,internet,,,SingTel 02,Singapore
52503,*99#,sunsurf,,,M1,Singapore
52505,*99#,shwapint,,,Starthub,Singapore
52811,*99#,dst.internet,,,DST 3G,Brunei
52811,*99#,dst.internet,internet,internet,DST Mobile,Brunei
53001,*99#,www.vodafone.net.nz,,,Vodafone NZ,New Zealand
60201,*99#,mobinilweb,,,MobiNil,Egypt
60202,*99#,internet.vodafone.net,internet,internet,Vodafone EG,Egypt
60203,*99#,etisalat,,,Etisalat EG,Egypt
61201,*99#,orangeciweb,web,web,ORANGE,newsky
61202,*99***1#,moov,web,web,Moov,newsky
61203,*99***1#,orangeciweb,web,web,ORANGE CI,Comium or KoZ
61204,*99***1#,gprs.koz.ci,,,KoZ,newsky
61205,*99***1#,web.mtn.ci,,,MTN CI,TELECEL or MTN CI
61206,*99***1#,web.greenn.ci,,,GreenN,newsky,
62003,*99#,web.tigo.com.gh,web,web,TI GO-GHANA,GHANA
62130,*99#,web.gprs.mtnnigeria.net,web,web,MTN-NG,Nigeria
62150,*99#,Gloflat,flat,flat,Globacom Ltd,Nigeria
62160,*99#,etisalat,,,ETISALAT-NG,Nigeria
62401,*99#,internet,guest,guest,MTN-CAMEROON,CAMEROON
62901,*99#,internet.cg.zain.com,,,Celtel Congo,Zain
62907,*99#,web.waridtel.cg,,,Warid telecom,Warid telecom
62910,*99#,internet.mtn.cg,,,MTN CONGO S.A,MTN CONGO S.A
63401,*99#,internet,,,ZAIN,Sudan
63902,*99#,Safaricom,web,web,Safaricom,Kenya
64804,*99***1#,econet.net,,,Econet Wireless,JinBaBuWei
65201,*99#,internet.mascom,guest,guest,MASCOM-BW,BOTSWANA
65202,*99#,internet.orange.co.bw,guest,guest,ORANGE-BW,BOTSWANA
65310,*99***1#,mymtn.co.sz,,,MTN-SWAZI,SWAZILAND
65501,*99#,internet,,,VODACOM-SA,South Africa
65507,*99#,internet,,,CELLC-SA,South Africa
65507,*99#,internet,,,Cell C,South Africa
65510,*99#,internet,,,MTN_SA,South Africa
70401,*99#,internet.ideasclaro,,,Claro GTM,Guatemala
70402,*99#,broadband.tigo.gt,,,Tigo GT,Guatemala
70403,*99#,internet.movistar.gt,movistargt,movistargt,movistar GT,Guatemala
70601,*99#,internet.ideasclaro,,,CLARO SLV,El Salvador
70602,*99#,web.digicelsv.com,,,Digicel,El Salvador
70604,*99#,internet.movistar.sv,movistarsv,movistarsv,movistar SV,El Salvador
70801,*99#,ba.amx,amx,amx,Claro HND,HONDURAS
71021,*99#,web.emovil,webemovil,webemovil,Claro NIC,Nicaragua
710300,*99#,internet.movistar.ni,movistarni,movistarni,movistar NI,Nicaragua
71073,*99#,internet.ideasalo.ni,internet,internet,Claro NIC,Nicaragua
71201,*99#,icecelular,,,ICE,ICE
714001,*99#,apn01.cwpanama.com.pa,,,Cable and Wireless,Panama
714020,*99#,internet.movistar.pa,movistarpa,movistarpa,movistar PA,Panama
71403,*99#,ba.amx,amx,amx,CLARO PA,Panama
71606,*99#,movistar.pe,movistar@datos,movistar,Movistar PE,Peru
71610,*99#,ba.amx,amx,amx,Claro PER,Peru
72207,*99#,internet.gprs.unifon.com.ar,wap,wap,movistar AR,Argentina
722310,*99#,internet.ctimovil.com.ar,guest,guest,CLARO ARGENTINA,Argentina
72234,*99#,gprs.personal.com,gprs,adgj,Personal Internet Movil,Argentina
72402,*99***1#,Tim.br,tim,tim,Telecom Italia Mobile,Brazil
72403,*99***1#,Tim.br,tim,tim,Telecom Italia Mobile,Brazil
72404,*99***1#,Tim.br,tim,tim,Telecom Italia Mobile,Brazil
72405,*99***1#,claro.com.br,claro,claro,Claro BR,Brazil
72406,*99#,zap.vivo.com.br,vivo,vivo,Vivo S.A.,Brazil
72407,*99***1#,ctbc.br,ctbc,1212,CTBC Telecom,Brazil
72408,*99***1#,Tim.br,tim,tim,Telecom Italia Mobile,Brazil
72410,*99#,zap.vivo.com.br,vivo,vivo,Vivo S.A.,Brazil
72411,*99#,zap.vivo.com.br,vivo,vivo,Vivo S.A.,Brazil
72415,*99#,sercomtel.com.br,sercomtel,sercomtel,Sercomtel Celular,Brazil
72416,*99***1#,brt.br,brt,brt,Brasil Telecom Celular S.A.,Brazil
72419,*99#,gprs.telemigcelular.com.br,celular,celular,Telemig Celular,Brazil
72423,*99#,zap.vivo.com.br,vivo,vivo,Vivo S.A.,Brazil
72424,*99#,gprs.amazoniacelular.com.br,celular,celular,Amazonia Celular S.A.,Brazil
72431,*99***1#,gprs.oi.com.br,oiwap,oioioi,TNL PCS,Brazil
72432,*99***1#,ctbc.br,ctbc,1212,CTBC Celular S.A.,Brazil
72433,*99***1#,ctbc.br,ctbc,1212,CTBC Celular S.A.,Brazil
72434,*99***1#,ctbc.br,ctbc,1212,CTBC Celular S.A.,Brazil
72437,*99#,ctbc.br,ctbc,1212,Unicel do Brasil,Brazil
73001,*99#,imovil.entelpcs.cl,,,Entel PCS,Chile
73002,*99#,web.tmovil.cl,web,web,movistar CL,Chile
73003,*99#,bam.clarochile.cl,clarochile,clarochile,Claro CHL,Chile
73010,*99#,imovil.entelpcs.cl,entelpcs,entelpcs,Entel,Chile
732101,*99#,internet.comcel.com.co,COMCELWEB,COMCELWEB,COMCEL 3GSM,Colombia
732103,*99#,web.colombiamovil.com.co,,,Tigo CO,Colombia
732123,*99#,internet.movistar.com.co,movistar,movistar,movistar CO,Colombia
734002,*99#,gprsweb.digitel.ve,,,Digitel GSM,Venezuela
73402,*99#,gprsweb.digitel.ve,,,Digitel,Venezuela
73404,*99#,internet.movistar.ve,,,movistar VE,Venezuela
74000,*99#,internet.movistar.ec,movistar,movistar,movistar EC,Ecuador
74001,*99#,internet.porta.com.ec,,,PORTA GSM,ECUADOR
74402,*99#,ba.amx,amx,amx,Claro PY,Paraguay
74404,*99#,internet.tigo.py,,,TIGO PY,Paraguay
74801,*99#,gprs.ancel,,,ANCEL,Uruguay
74807,*99#,apnumt.movistar.com.uy,movistar,movistar,movistar UY,Uruguay
74810,*99#,gprs.claro.com.uy,ctigpr,ctigpr999,CLARO URUGUAY,Uruguay
